// Jest Snapshot v1, https://goo.gl/fbAQLP

exports[`matchs snapshot 1 1`] = `
<div>
  <div
    className="headerContainer"
    data-testid="headerContainer"
  >
    <h1
      className="header"
      data-testid="header"
    >
      PostBoard
    </h1>
  </div>
  <div
    className="createPostFieldContainer"
    data-testid="createPostFieldContainer"
  >
    <div
      className="inputContainer"
      data-testid="inputContainer"
    >
      <input
        className="input"
        data-testid="input"
        placeholder="Post Content"
        type="type"
      />
    </div>
    <button
      className="button"
      data-testid="button"
      onClick={[Function]}
      style={
        Object {
          "backgroundColor": "#38DD38",
        }
      }
    >
      Create
    </button>
  </div>
  <div
    className="timeSelectorContainer"
    data-testid="timeSelectorContainer"
  >
    <h3
      className="timeSelectorTitle"
      data-testid="timeSelectorTitle1"
    >
      From
    </h3>
    <input
      className="timeSelectorDate"
      data-testid="timeSelectorDate1"
      type="date"
    />
    <h3
      className="timeSelectorTitle"
      data-testid="timeSelectorTitle2"
    >
      To
    </h3>
    <input
      className="timeSelectorDate"
      data-testid="timeSelectorDate2"
      type="date"
    />
    <button
      className="button"
      data-testid="button"
      onClick={[Function]}
      style={
        Object {
          "backgroundColor": "#0071FE",
        }
      }
    >
      Refresh Posts
    </button>
  </div>
  <div
    className="pageSelectorContainer"
    data-testid="pageSelectorContainer"
  >
    <span
      className="pageSelectorTitle"
      data-testid="pageSelectorTitle"
    >
      Page
    </span>
    <select
      className="pageSelectorSelect"
      data-testid="pageSelectorSelect"
    >
      <option
        value="0"
      >
        0
      </option>
      <option
        value="1"
      >
        1
      </option>
      <option
        value="2"
      >
        2
      </option>
      <option
        value="3"
      >
        3
      </option>
      <option
        value="4"
      >
        4
      </option>
      <option
        value="5"
      >
        5
      </option>
    </select>
  </div>
  <div>
    <div
      className="singlePostContainer"
      data-testid="singlePostContainer"
    >
      <div
        className="ownerName"
        data-testid="ownerName"
      >
        ownerName
      </div>
      <div
        className="postContent"
        data-testid="postContent"
      >
        Content
      </div>
      <hr />
      <div
        className="timeStampContainer"
        data-testid="timeStampContainer"
      >
        <span
          className="timeStamp"
          data-testid="timeStamp"
        >
          timestamp
        </span>
        <button
          className="button"
          data-testid="button"
          onClick={[Function]}
          style={
            Object {
              "backgroundColor": "#E62E2E",
            }
          }
        >
          Delete
        </button>
      </div>
    </div>
    <div
      className="singlePostContainer"
      data-testid="singlePostContainer"
    >
      <div
        className="ownerName"
        data-testid="ownerName"
      >
        ownerName
      </div>
      <div
        className="postContent"
        data-testid="postContent"
      >
        Content
      </div>
      <hr />
      <div
        className="timeStampContainer"
        data-testid="timeStampContainer"
      >
        <span
          className="timeStamp"
          data-testid="timeStamp"
        >
          timestamp
        </span>
        <button
          className="button"
          data-testid="button"
          onClick={[Function]}
          style={
            Object {
              "backgroundColor": "#E62E2E",
            }
          }
        >
          Delete
        </button>
      </div>
    </div>
    <div
      className="singlePostContainer"
      data-testid="singlePostContainer"
    >
      <div
        className="ownerName"
        data-testid="ownerName"
      >
        ownerName
      </div>
      <div
        className="postContent"
        data-testid="postContent"
      >
        Content
      </div>
      <hr />
      <div
        className="timeStampContainer"
        data-testid="timeStampContainer"
      >
        <span
          className="timeStamp"
          data-testid="timeStamp"
        >
          timestamp
        </span>
        <button
          className="button"
          data-testid="button"
          onClick={[Function]}
          style={
            Object {
              "backgroundColor": "#E62E2E",
            }
          }
        >
          Delete
        </button>
      </div>
    </div>
  </div>
  <button
    className="button"
    data-testid="button"
    onClick={[Function]}
    style={
      Object {
        "backgroundColor": "#0071FE",
      }
    }
  >
    Back
  </button>
</div>
`;
